// Jest Snapshot v1, https://goo.gl/fbAQLP

exports[`should display BrowseScreen with no errors 1`] = `
<View
  style={
    Object {
      "backgroundColor": "#fff",
      "flex": 1,
      "height": 1334,
    }
  }
>
  <View
    onLayout={[Function]}
  >
    <View
      rounded={true}
      searchBar={true}
      style={
        Object {
          "backgroundColor": "#F8F8F8",
          "borderBottomColor": "#a7a6ab",
          "borderBottomWidth": 0.5,
          "elevation": 3,
          "flexDirection": "row",
          "height": 64,
          "justifyContent": "center",
          "left": 0,
          "paddingLeft": 6,
          "paddingRight": 10,
          "paddingTop": 18,
          "right": 0,
          "shadowColor": undefined,
          "shadowOffset": undefined,
          "shadowOpacity": undefined,
          "shadowRadius": undefined,
          "top": 0,
        }
      }
    >
      <View
        accessible={true}
        isTVSelectable={true}
        onResponderGrant={[Function]}
        onResponderMove={[Function]}
        onResponderRelease={[Function]}
        onResponderTerminate={[Function]}
        onResponderTerminationRequest={[Function]}
        onStartShouldSetResponder={[Function]}
        style={
          Object {
            "alignItems": "center",
            "alignSelf": "center",
            "backgroundColor": "#CECDD2",
            "borderBottomWidth": 1,
            "borderColor": "transparent",
            "borderLeftWidth": 0,
            "borderRadius": 25,
            "borderRightWidth": 0,
            "borderTopWidth": 0,
            "borderWidth": undefined,
            "flex": 1,
            "flexDirection": "row",
            "height": 30,
            "justifyContent": "flex-start",
            "marginLeft": 2,
            "opacity": 1,
          }
        }
      >
        <Text
          active={true}
          allowFontScaling={false}
          style={
            Array [
              Object {
                "color": undefined,
                "fontSize": 12,
              },
              Array [
                Object {
                  "color": "#000",
                  "fontSize": 30,
                },
                Object {
                  "alignItems": "center",
                  "backgroundColor": "transparent",
                  "color": "#414142",
                  "fontSize": 20,
                  "marginTop": 2,
                  "paddingLeft": 10,
                  "paddingRight": 10,
                },
              ],
              Object {
                "fontFamily": "Ionicons",
                "fontStyle": "normal",
                "fontWeight": "normal",
              },
              Object {},
            ]
          }
        >
          
        </Text>
        <TextInput
          allowFontScaling={true}
          editable={true}
          onChangeText={[Function]}
          onEndEditing={[Function]}
          placeholder="Search Interest"
          placeholderTextColor="#575757"
          rejectResponderTermination={true}
          style={
            Object {
              "alignSelf": "center",
              "color": "#000",
              "flex": 1,
              "fontSize": 17,
              "height": 30,
              "lineHeight": null,
              "paddingLeft": 5,
              "paddingRight": 5,
              "top": 1.5,
            }
          }
          underlineColorAndroid="rgba(0,0,0,0)"
        />
        <Text
          active={true}
          allowFontScaling={false}
          style={
            Array [
              Object {
                "color": undefined,
                "fontSize": 12,
              },
              Array [
                Object {
                  "color": "#000",
                  "fontSize": 30,
                },
                Object {
                  "alignItems": "center",
                  "backgroundColor": "transparent",
                  "color": "#414142",
                  "fontSize": 20,
                  "marginTop": 2,
                  "paddingLeft": 10,
                  "paddingRight": 10,
                },
              ],
              Object {
                "fontFamily": "Ionicons",
                "fontStyle": "normal",
                "fontWeight": "normal",
              },
              Object {},
            ]
          }
        >
          
        </Text>
      </View>
      <View
        accessible={true}
        isTVSelectable={true}
        onResponderGrant={[Function]}
        onResponderMove={[Function]}
        onResponderRelease={[Function]}
        onResponderTerminate={[Function]}
        onResponderTerminationRequest={[Function]}
        onStartShouldSetResponder={[Function]}
        style={
          Object {
            "alignItems": "center",
            "alignSelf": "center",
            "backgroundColor": "transparent",
            "borderBottomWidth": null,
            "borderColor": "#007aff",
            "borderLeftWidth": null,
            "borderRadius": 5,
            "borderRightWidth": null,
            "borderTopWidth": null,
            "borderWidth": undefined,
            "elevation": 0,
            "flexDirection": "row",
            "height": 45,
            "justifyContent": "center",
            "opacity": 1,
            "paddingBottom": 6,
            "paddingLeft": 10,
            "paddingRight": null,
            "paddingTop": 6,
            "shadowColor": null,
            "shadowOffset": null,
            "shadowOpacity": null,
            "shadowRadius": null,
            "width": undefined,
          }
        }
      >
        <Text
          style={
            Object {
              "backgroundColor": "transparent",
              "color": "#007aff",
              "fontFamily": "System",
              "fontSize": 16.5,
              "fontWeight": "500",
              "marginLeft": 0,
              "marginRight": 0,
              "paddingLeft": 16,
              "paddingRight": 16,
            }
          }
          uppercase={false}
        >
          Search
        </Text>
      </View>
    </View>
  </View>
  <RCTScrollView
    data={Array []}
    disableVirtualization={false}
    getItem={[Function]}
    getItemCount={[Function]}
    horizontal={false}
    initialNumToRender={10}
    keyExtractor={[Function]}
    maxToRenderPerBatch={10}
    numColumns={1}
    onContentSizeChange={[Function]}
    onEndReachedThreshold={2}
    onLayout={[Function]}
    onMomentumScrollEnd={[Function]}
    onScroll={[Function]}
    onScrollBeginDrag={[Function]}
    onScrollEndDrag={[Function]}
    removeClippedSubviews={false}
    renderItem={[Function]}
    scrollEventThrottle={50}
    stickyHeaderIndices={Array []}
    updateCellsBatchingPeriod={50}
    viewabilityConfigCallbackPairs={Array []}
    windowSize={21}
  >
    <View />
  </RCTScrollView>
</View>
`;
