// Jest Snapshot v1, https://goo.gl/fbAQLP

exports[`should display EditScreen with no errors 1`] = `
<View
  onLayout={[Function]}
  style={
    Array [
      Object {
        "backgroundColor": "#2c3e50",
        "flex": 1,
      },
      Object {
        "paddingBottom": 0,
      },
    ]
  }
>
  <View
    style={
      Object {
        "alignItems": "center",
        "flexGrow": 1,
        "justifyContent": "center",
      }
    }
  />
  <View
    style={
      Object {
        "padding": 20,
      }
    }
  >
    <TextInput
      allowFontScaling={true}
      autoCapitalize="none"
      autoCorrect={false}
      keyboardType="default"
      onChangeText={[Function]}
      onSubmitEditing={[Function]}
      placeholder="Name"
      placeholderTextColor="rgba(225,225,225,0.7)"
      rejectResponderTermination={true}
      returnKeyType="next"
      style={
        Object {
          "backgroundColor": "rgba(225,225,225,0.2)",
          "color": "#fff",
          "height": 40,
          "marginBottom": 10,
          "padding": 10,
        }
      }
      underlineColorAndroid="transparent"
      value=""
    />
    <TextInput
      allowFontScaling={true}
      autoCapitalize="none"
      autoCorrect={false}
      keyboardType="default"
      onChangeText={[Function]}
      onSubmitEditing={[Function]}
      placeholder="Location"
      placeholderTextColor="rgba(225,225,225,0.7)"
      rejectResponderTermination={true}
      returnKeyType="next"
      style={
        Object {
          "backgroundColor": "rgba(225,225,225,0.2)",
          "color": "#fff",
          "height": 40,
          "marginBottom": 10,
          "padding": 10,
        }
      }
      underlineColorAndroid="transparent"
      value=""
    />
    <TextInput
      allowFontScaling={true}
      autoCapitalize="none"
      autoCorrect={false}
      keyboardType="default"
      onChangeText={[Function]}
      onSubmitEditing={[Function]}
      placeholder="Contact: Skype or phone number"
      placeholderTextColor="rgba(225,225,225,0.7)"
      rejectResponderTermination={true}
      returnKeyType="next"
      style={
        Object {
          "backgroundColor": "rgba(225,225,225,0.2)",
          "color": "#fff",
          "height": 40,
          "marginBottom": 10,
          "padding": 10,
        }
      }
      underlineColorAndroid="transparent"
      value=""
    />
    <TextInput
      allowFontScaling={true}
      autoCapitalize="none"
      autoCorrect={false}
      keyboardType="default"
      onChangeText={[Function]}
      onSubmitEditing={[Function]}
      placeholder="Interests"
      placeholderTextColor="rgba(225,225,225,0.7)"
      rejectResponderTermination={true}
      returnKeyType="next"
      style={
        Object {
          "backgroundColor": "rgba(225,225,225,0.2)",
          "color": "#fff",
          "height": 40,
          "marginBottom": 10,
          "padding": 10,
        }
      }
      underlineColorAndroid="transparent"
      value=""
    />
  </View>
  <View
    accessibilityRole="button"
    accessibilityStates={Array []}
    accessible={true}
    isTVSelectable={true}
    onResponderGrant={[Function]}
    onResponderMove={[Function]}
    onResponderRelease={[Function]}
    onResponderTerminate={[Function]}
    onResponderTerminationRequest={[Function]}
    onStartShouldSetResponder={[Function]}
    style={
      Object {
        "opacity": 1,
      }
    }
  >
    <View
      style={
        Array [
          Object {},
        ]
      }
    >
      <Text
        style={
          Array [
            Object {
              "color": "#007AFF",
              "fontSize": 18,
              "padding": 8,
              "textAlign": "center",
            },
          ]
        }
      >
        Save
      </Text>
    </View>
  </View>
  <View
    accessibilityRole="button"
    accessibilityStates={Array []}
    accessible={true}
    isTVSelectable={true}
    onResponderGrant={[Function]}
    onResponderMove={[Function]}
    onResponderRelease={[Function]}
    onResponderTerminate={[Function]}
    onResponderTerminationRequest={[Function]}
    onStartShouldSetResponder={[Function]}
    style={
      Object {
        "opacity": 1,
      }
    }
  >
    <View
      style={
        Array [
          Object {},
        ]
      }
    >
      <Text
        style={
          Array [
            Object {
              "color": "#007AFF",
              "fontSize": 18,
              "padding": 8,
              "textAlign": "center",
            },
          ]
        }
      >
        Cancel
      </Text>
    </View>
  </View>
  <View
    accessibilityRole="button"
    accessibilityStates={Array []}
    accessible={true}
    isTVSelectable={true}
    onResponderGrant={[Function]}
    onResponderMove={[Function]}
    onResponderRelease={[Function]}
    onResponderTerminate={[Function]}
    onResponderTerminationRequest={[Function]}
    onStartShouldSetResponder={[Function]}
    style={
      Object {
        "opacity": 1,
      }
    }
  >
    <View
      style={
        Array [
          Object {},
        ]
      }
    >
      <Text
        style={
          Array [
            Object {
              "color": "#007AFF",
              "fontSize": 18,
              "padding": 8,
              "textAlign": "center",
            },
          ]
        }
      >
        Logout
      </Text>
    </View>
  </View>
  <View
    accessibilityRole="button"
    accessibilityStates={Array []}
    accessible={true}
    isTVSelectable={true}
    onResponderGrant={[Function]}
    onResponderMove={[Function]}
    onResponderRelease={[Function]}
    onResponderTerminate={[Function]}
    onResponderTerminationRequest={[Function]}
    onStartShouldSetResponder={[Function]}
    style={
      Object {
        "opacity": 1,
      }
    }
  >
    <View
      style={
        Array [
          Object {},
        ]
      }
    >
      <Text
        style={
          Array [
            Object {
              "color": "#007AFF",
              "fontSize": 18,
              "padding": 8,
              "textAlign": "center",
            },
          ]
        }
      >
        Write FB Data Test
      </Text>
    </View>
  </View>
</View>
`;
