// Jest Snapshot v1, https://goo.gl/fbAQLP

exports[`should display HomeScreen with no errors 1`] = `
<RCTSafeAreaView
  emulateUnlessSupported={true}
  style={
    Object {
      "backgroundColor": "#2c3e50",
      "flex": 1,
    }
  }
>
  <Text
    style={
      Array [
        Object {
          "color": "#fff",
          "fontWeight": "700",
          "textAlign": "center",
        },
        Object {
          "flex": 1,
        },
      ]
    }
  >
    Hello! Create your profile to Begin, then Search for other people
  </Text>
  <View
    accessible={true}
    isTVSelectable={true}
    onResponderGrant={[Function]}
    onResponderMove={[Function]}
    onResponderRelease={[Function]}
    onResponderTerminate={[Function]}
    onResponderTerminationRequest={[Function]}
    onStartShouldSetResponder={[Function]}
    style={
      Object {
        "backgroundColor": "#2980b6",
        "margin": 10,
        "opacity": 1,
        "paddingVertical": 15,
      }
    }
  >
    <Text
      style={
        Object {
          "color": "#fff",
          "fontWeight": "700",
          "textAlign": "center",
        }
      }
    >
      Enter Profile Details
    </Text>
  </View>
  <View
    accessible={true}
    isTVSelectable={true}
    onResponderGrant={[Function]}
    onResponderMove={[Function]}
    onResponderRelease={[Function]}
    onResponderTerminate={[Function]}
    onResponderTerminationRequest={[Function]}
    onStartShouldSetResponder={[Function]}
    style={
      Object {
        "backgroundColor": "#2980b6",
        "margin": 10,
        "opacity": 1,
        "paddingVertical": 15,
      }
    }
  >
    <Text
      style={
        Object {
          "color": "#fff",
          "fontWeight": "700",
          "textAlign": "center",
        }
      }
    >
      Browse by Interest
    </Text>
  </View>
  <View
    accessible={true}
    isTVSelectable={true}
    onResponderGrant={[Function]}
    onResponderMove={[Function]}
    onResponderRelease={[Function]}
    onResponderTerminate={[Function]}
    onResponderTerminationRequest={[Function]}
    onStartShouldSetResponder={[Function]}
    style={
      Object {
        "backgroundColor": "#2980b6",
        "margin": 10,
        "opacity": 1,
        "paddingVertical": 15,
      }
    }
  >
    <Text
      style={
        Object {
          "color": "#fff",
          "fontWeight": "700",
          "textAlign": "center",
        }
      }
    >
      Invitations
    </Text>
  </View>
  <View
    accessible={true}
    isTVSelectable={true}
    onResponderGrant={[Function]}
    onResponderMove={[Function]}
    onResponderRelease={[Function]}
    onResponderTerminate={[Function]}
    onResponderTerminationRequest={[Function]}
    onStartShouldSetResponder={[Function]}
    style={
      Object {
        "backgroundColor": "#2980b6",
        "margin": 10,
        "opacity": 1,
        "paddingVertical": 15,
      }
    }
  >
    <Text
      style={
        Object {
          "color": "#fff",
          "fontWeight": "700",
          "textAlign": "center",
        }
      }
    >
      About this App
    </Text>
  </View>
</RCTSafeAreaView>
`;
